// Jest Snapshot v1, https://goo.gl/fbAQLP

exports[`StatusGradient renders correctly 1`] = `
<LinearGradient
  accessibilityElementsHidden={true}
  colors={
    [
      "rgba(255,255,255,0.8)",
      "rgba(255,255,255,0.0)",
    ]
  }
  importantForAccessibility="no-hide-descendants"
  pointerEvents="none"
  style={
    [
      {
        "left": 0,
        "position": "absolute",
        "right": 0,
        "top": 0,
      },
      {
        "height": 150,
      },
    ]
  }
/>
`;
